93.72.5.44 - - [03/Feb/2016:00:00:12 +0300] "GET /trenirovki/kak-sest-na-shpagat-v-domashnix-usloviyax-uprazhneniya/ HTTP/1.0" 200 21390 "https://www.google.com.ua/" "Mozilla/5.0 (iPhone; CPU iPhone OS 9_2 like Mac OS X) AppleWebKit/601.1.46 (KHTML, like Gecko) Version/9.0 Mobile/13C75 Safari/601.1"
93.72.5.44 - - [03/Feb/2016:00:00:13 +0300] "GET /wp-content/plugins/wp-postratings/postratings-css.css?ver=1.82 HTTP/1.0" 200 425 "http://test-blog.ru/trenirovki/kak-sest-na-shpagat-v-domashnix-usloviyax-uprazhneniya/" "Mozilla/5.0 (iPhone; CPU iPhone OS 9_2 like Mac OS X) AppleWebKit/601.1.46 (KHTML, like Gecko) Version/9.0 Mobile/13C75 Safari/601.1"
93.72.5.44 - - [03/Feb/2016:00:00:13 +0300] "GET /wp-content/themes/sark-press/stylesheet/bootstrap-theme.min.css?ver=20121010 HTTP/1.0" 200 1747 "http://test-blog.ru/trenirovki/kak-sest-na-shpagat-v-domashnix-usloviyax-uprazhneniya/" "Mozilla/5.0 (iPhone; CPU iPhone OS 9_2 like Mac OS X) AppleWebKit/601.1.46 (KHTML, like Gecko) Version/9.0 Mobile/13C75 Safari/601.1"
93.72.5.44 - - [03/Feb/2016:00:00:13 +0300] "GET /wp-content/themes/sark-press/stylesheet/font-awesome.min.css?ver=20121010 HTTP/1.0" 200 4015 "http://test-blog.ru/trenirovki/kak-sest-na-shpagat-v-domashnix-usloviyax-uprazhneniya/" "Mozilla/5.0 (iPhone; CPU iPhone OS 9_2 like Mac OS X) AppleWebKit/601.1.46 (KHTML, like Gecko) Version/9.0 Mobile/13C75 Safari/601.1"
93.72.5.44 - - [03/Feb/2016:00:00:13 +0300] "GET /wp-content/themes/sark-press/stylesheet/bootstrap.css?ver=20121010 HTTP/1.0" 200 19519 "http://test-blog.ru/trenirovki/kak-sest-na-shpagat-v-domashnix-usloviyax-uprazhneniya/" "Mozilla/5.0 (iPhone; CPU iPhone OS 9_2 like Mac OS X) AppleWebKit/601.1.46 (KHTML, like Gecko) Version/9.0 Mobile/13C75 Safari/601.1"
93.72.5.44 - - [03/Feb/2016:00:00:13 +0300] "GET /wp-content/themes/sark-press/stylesheet/fonts.css?ver=20121010 HTTP/1.0" 200 279 "http://test-blog.ru/trenirovki/kak-sest-na-shpagat-v-domashnix-usloviyax-uprazhneniya/" "Mozilla/5.0 (iPhone; CPU iPhone OS 9_2 like Mac OS X) AppleWebKit/601.1.46 (KHTML, like Gecko) Version/9.0 Mobile/13C75 Safari/601.1"
93.72.5.44 - - [03/Feb/2016:00:00:13 +0300] "GET /wp-content/themes/sark-press/style.css?ver=20121010 HTTP/1.0" 200 5065 "http://test-blog.ru/trenirovki/kak-sest-na-shpagat-v-domashnix-usloviyax-uprazhneniya/" "Mozilla/5.0 (iPhone; CPU iPhone OS 9_2 like Mac OS X) AppleWebKit/601.1.46 (KHTML, like Gecko) Version/9.0 Mobile/13C75 Safari/601.1"
93.72.5.44 - - [03/Feb/2016:00:00:13 +0300] "GET /wp-content/plugins/wp-postratings/postratings-js.js?ver=1.82 HTTP/1.0" 200 752 "http://test-blog.ru/trenirovki/kak-sest-na-shpagat-v-domashnix-usloviyax-uprazhneniya/" "Mozilla/5.0 (iPhone; CPU iPhone OS 9_2 like Mac OS X) AppleWebKit/601.1.46 (KHTML, like Gecko) Version/9.0 Mobile/13C75 Safari/601.1"
93.72.5.44 - - [03/Feb/2016:00:00:13 +0300] "GET /wp-content/plugins/extended-categories-widget/2.8/css/avh-ec.widget.css?ver=3.8.5 HTTP/1.0" 200 119 "http://test-blog.ru/trenirovki/kak-sest-na-shpagat-v-domashnix-usloviyax-uprazhneniya/" "Mozilla/5.0 (iPhone; CPU iPhone OS 9_2 like Mac OS X) AppleWebKit/601.1.46 (KHTML, like Gecko) Version/9.0 Mobile/13C75 Safari/601.1"
93.72.5.44 - - [03/Feb/2016:00:00:13 +0300] "GET /wp-content/plugins/wp-pagenavi/pagenavi-css.css?ver=2.70 HTTP/1.0" 200 239 "http://test-blog.ru/trenirovki/kak-sest-na-shpagat-v-domashnix-usloviyax-uprazhneniya/" "Mozilla/5.0 (iPhone; CPU iPhone OS 9_2 like Mac OS X) AppleWebKit/601.1.46 (KHTML, like Gecko) Version/9.0 Mobile/13C75 Safari/601.1"
93.72.5.44 - - [03/Feb/2016:00:00:13 +0300] "GET /wp-content/themes/sark-press/javascript/bootstrap.min.js HTTP/1.0" 200 7679 "http://test-blog.ru/trenirovki/kak-sest-na-shpagat-v-domashnix-usloviyax-uprazhneniya/" "Mozilla/5.0 (iPhone; CPU iPhone OS 9_2 like Mac OS X) AppleWebKit/601.1.46 (KHTML, like Gecko) Version/9.0 Mobile/13C75 Safari/601.1"
93.72.5.44 - - [03/Feb/2016:00:00:13 +0300] "GET /wp-includes/js/jquery/jquery.js?ver=1.6.1 HTTP/1.0" 200 31953 "http://test-blog.ru/trenirovki/kak-sest-na-shpagat-v-domashnix-usloviyax-uprazhneniya/" "Mozilla/5.0 (iPhone; CPU iPhone OS 9_2 like Mac OS X) AppleWebKit/601.1.46 (KHTML, like Gecko) Version/9.0 Mobile/13C75 Safari/601.1"
93.72.5.44 - - [03/Feb/2016:00:00:13 +0300] "GET /wp-includes/js/comment-reply.js?ver=20090102 HTTP/1.0" 200 412 "http://test-blog.ru/trenirovki/kak-sest-na-shpagat-v-domashnix-usloviyax-uprazhneniya/" "Mozilla/5.0 (iPhone; CPU iPhone OS 9_2 like Mac OS X) AppleWebKit/601.1.46 (KHTML, like Gecko) Version/9.0 Mobile/13C75 Safari/601.1"
93.72.5.44 - - [03/Feb/2016:00:00:14 +0300] "GET /wp-includes/js/l10n.js?ver=20101110 HTTP/1.0" 200 221 "http://test-blog.ru/trenirovki/kak-sest-na-shpagat-v-domashnix-usloviyax-uprazhneniya/" "Mozilla/5.0 (iPhone; CPU iPhone OS 9_2 like Mac OS X) AppleWebKit/601.1.46 (KHTML, like Gecko) Version/9.0 Mobile/13C75 Safari/601.1"
93.72.5.44 - - [03/Feb/2016:00:00:14 +0300] "GET /wp-content/themes/sark-press/javascript/sarkpress_script.js HTTP/1.0" 200 137 "http://test-blog.ru/trenirovki/kak-sest-na-shpagat-v-domashnix-usloviyax-uprazhneniya/" "Mozilla/5.0 (iPhone; CPU iPhone OS 9_2 like Mac OS X) AppleWebKit/601.1.46 (KHTML, like Gecko) Version/9.0 Mobile/13C75 Safari/601.1"
93.72.5.44 - - [03/Feb/2016:00:00:14 +0300] "GET /wp-content/plugins/wp-postratings/images/loading.gif HTTP/1.0" 200 771 "http://test-blog.ru/trenirovki/kak-sest-na-shpagat-v-domashnix-usloviyax-uprazhneniya/" "Mozilla/5.0 (iPhone; CPU iPhone OS 9_2 like Mac OS X) AppleWebKit/601.1.46 (KHTML, like Gecko) Version/9.0 Mobile/13C75 Safari/601.1"
93.72.5.44 - - [03/Feb/2016:00:00:14 +0300] "GET /wp-content/plugins/wp-postratings/images/stars/rating_on.gif HTTP/1.0" 200 523 "http://test-blog.ru/trenirovki/kak-sest-na-shpagat-v-domashnix-usloviyax-uprazhneniya/" "Mozilla/5.0 (iPhone; CPU iPhone OS 9_2 like Mac OS X) AppleWebKit/601.1.46 (KHTML, like Gecko) Version/9.0 Mobile/13C75 Safari/601.1"
93.72.5.44 - - [03/Feb/2016:00:00:14 +0300] "GET /wp-content/plugins/wp-postratings/images/stars/rating_over.gif HTTP/1.0" 200 920 "http://test-blog.ru/trenirovki/kak-sest-na-shpagat-v-domashnix-usloviyax-uprazhneniya/" "Mozilla/5.0 (iPhone; CPU iPhone OS 9_2 like Mac OS X) AppleWebKit/601.1.46 (KHTML, like Gecko) Version/9.0 Mobile/13C75 Safari/601.1"
93.72.5.44 - - [03/Feb/2016:00:00:15 +0300] "GET /wp-content/themes/sark-press/fonts/font-awesome/fontawesome-webfont.woff?v=4.0.3 HTTP/1.0" 200 44432 "http://test-blog.ru/trenirovki/kak-sest-na-shpagat-v-domashnix-usloviyax-uprazhneniya/" "Mozilla/5.0 (iPhone; CPU iPhone OS 9_2 like Mac OS X) AppleWebKit/601.1.46 (KHTML, like Gecko) Version/9.0 Mobile/13C75 Safari/601.1"
77.221.130.34 - - [03/Feb/2016:00:00:25 +0300] "POST /wp-cron.php?doing_wp_cron HTTP/1.0" 403 4271 "-" "oops; http://test-blog.ru"
93.72.5.44 - - [03/Feb/2016:00:00:24 +0300] "GET /trenirovki/kak-sest-na-shpagat-v-domashnix-usloviyax-uprazhneniya/?cf_action=sync_comments&post_id=402 HTTP/1.0" 200 37 "http://test-blog.ru/trenirovki/kak-sest-na-shpagat-v-domashnix-usloviyax-uprazhneniya/" "Mozilla/5.0 (iPhone; CPU iPhone OS 9_2 like Mac OS X) AppleWebKit/601.1.46 (KHTML, like Gecko) Version/9.0 Mobile/13C75 Safari/601.1"
141.0.12.242 - - [03/Feb/2016:00:00:36 +0300] "GET /favicon.ico HTTP/1.0" 200 1406 "-" "Opera/9.80 (J2ME/MIDP; Opera Mini/8.0.35626/37.7751; U; ru) Presto/2.12.423 Version/12.16"
188.123.231.205 - - [03/Feb/2016:00:00:51 +0300] "GET /trenirovki/kak-sest-na-shpagat-v-domashnix-usloviyax-uprazhneniya/?cf_action=sync_comments&post_id=402 HTTP/1.0" 200 37 "http://test-blog.ru/trenirovki/kak-sest-na-shpagat-v-domashnix-usloviyax-uprazhneniya/" "Mozilla/5.0 (iPhone; CPU iPhone OS 9_2_1 like Mac OS X) AppleWebKit/601.1.46 (KHTML, like Gecko) Version/9.0 Mobile/13D15 Safari/601.1"
185.26.180.145 - - [03/Feb/2016:00:00:53 +0300] "GET /trenirovki/kak-sest-na-shpagat-v-domashnix-usloviyax-uprazhneniya/ HTTP/1.0" 200 21390 "http://www.google.com.ua/search?q=%D0%BA%D0%B0%D0%BA+%D1%81%D0%B5%D1%81%D1%82%D1%8C+%D0%BD%D0%B0+%D1%88%D0%BF%D0%B0%D0%B3%D0%B0%D1%82+%D0%B4%D0%BB%D1%8F+%D0%BD%D0%B0%D1%87%D0%B8%D0%BD%D0%B0%D1%8E%D1%89%D0%B8%D1%85&btnG=&client=ms-opera-mini-android&channel=new&gws_rd=cr" "Opera/9.80 (Android; Opera Mini/7.6.40077/37.7751; U; ru) Presto/2.12.423 Version/12.16"
185.26.180.145 - - [03/Feb/2016:00:00:53 +0300] "GET /wp-content/plugins/wp-postratings/postratings-css.css?ver=1.82 HTTP/1.0" 200 425 "http://test-blog.ru/trenirovki/kak-sest-na-shpagat-v-domashnix-usloviyax-uprazhneniya/" "Opera/9.80 (Android; Opera Mini/7.6.40077/37.7751; U; ru) Presto/2.12.423 Version/12.16"
185.26.180.145 - - [03/Feb/2016:00:00:53 +0300] "GET /wp-content/themes/sark-press/stylesheet/fonts.css?ver=20121010 HTTP/1.0" 200 279 "http://test-blog.ru/trenirovki/kak-sest-na-shpagat-v-domashnix-usloviyax-uprazhneniya/" "Opera/9.80 (Android; Opera Mini/7.6.40077/37.7751; U; ru) Presto/2.12.423 Version/12.16"
185.26.180.145 - - [03/Feb/2016:00:00:53 +0300] "GET /wp-content/themes/sark-press/style.css?ver=20121010 HTTP/1.0" 200 5065 "http://test-blog.ru/trenirovki/kak-sest-na-shpagat-v-domashnix-usloviyax-uprazhneniya/" "Opera/9.80 (Android; Opera Mini/7.6.40077/37.7751; U; ru) Presto/2.12.423 Version/12.16"
185.26.180.145 - - [03/Feb/2016:00:00:53 +0300] "GET /wp-content/themes/sark-press/stylesheet/bootstrap.css?ver=20121010 HTTP/1.0" 200 19519 "http://test-blog.ru/trenirovki/kak-sest-na-shpagat-v-domashnix-usloviyax-uprazhneniya/" "Opera/9.80 (Android; Opera Mini/7.6.40077/37.7751; U; ru) Presto/2.12.423 Version/12.16"
185.26.180.145 - - [03/Feb/2016:00:00:53 +0300] "GET /wp-includes/js/l10n.js?ver=20101110 HTTP/1.0" 200 221 "http://test-blog.ru/trenirovki/kak-sest-na-shpagat-v-domashnix-usloviyax-uprazhneniya/" "Opera/9.80 (Android; Opera Mini/7.6.40077/37.7751; U; ru) Presto/2.12.423 Version/12.16"
185.26.180.145 - - [03/Feb/2016:00:00:53 +0300] "GET /wp-content/themes/sark-press/stylesheet/font-awesome.min.css?ver=20121010 HTTP/1.0" 200 4015 "http://test-blog.ru/trenirovki/kak-sest-na-shpagat-v-domashnix-usloviyax-uprazhneniya/" "Opera/9.80 (Android; Opera Mini/7.6.40077/37.7751; U; ru) Presto/2.12.423 Version/12.16"
185.26.180.145 - - [03/Feb/2016:00:00:53 +0300] "GET /wp-content/plugins/wp-pagenavi/pagenavi-css.css?ver=2.70 HTTP/1.0" 200 239 "http://test-blog.ru/trenirovki/kak-sest-na-shpagat-v-domashnix-usloviyax-uprazhneniya/" "Opera/9.80 (Android; Opera Mini/7.6.40077/37.7751; U; ru) Presto/2.12.423 Version/12.16"
185.26.180.145 - - [03/Feb/2016:00:00:53 +0300] "GET /wp-content/plugins/wp-pagenavi/pagenavi-css.css?ver=2.70 HTTP/1.0" 200 239 "http://test-blog.ru/trenirovki/kak-sest-na-shpagat-v-domashnix-usloviyax-uprazhneniya/" "Opera/9.80 (Android; Opera Mini/7.6.40077/37.7751; U; ru) Presto/2.12.423 Version/12.16"
185.26.180.145 - - [03/Feb/2016:00:00:53 +0300] "GET /wp-content/plugins/extended-categories-widget/2.8/css/avh-ec.widget.css?ver=3.8.5 HTTP/1.0" 200 119 "http://test-blog.ru/trenirovki/kak-sest-na-shpagat-v-domashnix-usloviyax-uprazhneniya/" "Opera/9.80 (Android; Opera Mini/7.6.40077/37.7751; U; ru) Presto/2.12.423 Version/12.16"
185.26.180.145 - - [03/Feb/2016:00:00:53 +0300] "GET /wp-content/themes/sark-press/stylesheet/bootstrap-theme.min.css?ver=20121010 HTTP/1.0" 200 1747 "http://test-blog.ru/trenirovki/kak-sest-na-shpagat-v-domashnix-usloviyax-uprazhneniya/" "Opera/9.80 (Android; Opera Mini/7.6.40077/37.7751; U; ru) Presto/2.12.423 Version/12.16"
185.26.180.145 - - [03/Feb/2016:00:00:53 +0300] "GET /wp-content/plugins/extended-categories-widget/2.8/css/avh-ec.widget.css?ver=3.8.5 HTTP/1.0" 200 119 "http://test-blog.ru/trenirovki/kak-sest-na-shpagat-v-domashnix-usloviyax-uprazhneniya/" "Opera/9.80 (Android; Opera Mini/7.6.40077/37.7751; U; ru) Presto/2.12.423 Version/12.16"
185.26.180.145 - - [03/Feb/2016:00:00:53 +0300] "GET /wp-includes/js/jquery/jquery.js?ver=1.6.1 HTTP/1.0" 200 31953 "http://test-blog.ru/trenirovki/kak-sest-na-shpagat-v-domashnix-usloviyax-uprazhneniya/" "Opera/9.80 (Android; Opera Mini/7.6.40077/37.7751; U; ru) Presto/2.12.423 Version/12.16"
185.26.180.145 - - [03/Feb/2016:00:00:53 +0300] "GET /wp-includes/js/comment-reply.js?ver=20090102 HTTP/1.0" 200 412 "http://test-blog.ru/trenirovki/kak-sest-na-shpagat-v-domashnix-usloviyax-uprazhneniya/" "Opera/9.80 (Android; Opera Mini/7.6.40077/37.7751; U; ru) Presto/2.12.423 Version/12.16"
185.26.180.145 - - [03/Feb/2016:00:00:54 +0300] "GET /wp-content/themes/sark-press/javascript/bootstrap.min.js HTTP/1.0" 200 7679 "http://test-blog.ru/trenirovki/kak-sest-na-shpagat-v-domashnix-usloviyax-uprazhneniya/" "Opera/9.80 (Android; Opera Mini/7.6.40077/37.7751; U; ru) Presto/2.12.423 Version/12.16"
185.26.180.145 - - [03/Feb/2016:00:00:54 +0300] "GET /wp-content/themes/sark-press/javascript/sarkpress_script.js HTTP/1.0" 200 137 "http://test-blog.ru/trenirovki/kak-sest-na-shpagat-v-domashnix-usloviyax-uprazhneniya/" "Opera/9.80 (Android; Opera Mini/7.6.40077/37.7751; U; ru) Presto/2.12.423 Version/12.16"
185.26.180.145 - - [03/Feb/2016:00:00:54 +0300] "GET /favicon.ico HTTP/1.0" 200 1406 "http://test-blog.ru/trenirovki/kak-sest-na-shpagat-v-domashnix-usloviyax-uprazhneniya/" "Opera/9.80 (Android; Opera Mini/7.6.40077/37.7751; U; ru) Presto/2.12.423 Version/12.16"
66.249.81.205 - - [03/Feb/2016:00:00:55 +0300] "GET /trenirovki/kak-sest-na-shpagat-v-domashnix-usloviyax-uprazhneniya/ HTTP/1.0" 200 21390 "-" "Mozilla/5.0 (Linux; Android 4.4.2; Hol-U19 Build/HUAWEIHol-U19) AppleWebKit/537.36 (KHTML, like Gecko) Chrome/47.0.2526.83 Mobile Safari/537.36"
66.249.81.205 - - [03/Feb/2016:00:00:55 +0300] "GET /wp-content/themes/sark-press/stylesheet/bootstrap-theme.min.css?ver=20121010 HTTP/1.0" 200 1747 "http://test-blog.ru/trenirovki/kak-sest-na-shpagat-v-domashnix-usloviyax-uprazhneniya/" "Mozilla/5.0 (Linux; Android 4.4.2; Hol-U19 Build/HUAWEIHol-U19) AppleWebKit/537.36 (KHTML, like Gecko) Chrome/47.0.2526.83 Mobile Safari/537.36"
66.249.81.211 - - [03/Feb/2016:00:00:55 +0300] "GET /wp-content/themes/sark-press/stylesheet/fonts.css?ver=20121010 HTTP/1.0" 403 1450 "http://test-blog.ru/trenirovki/kak-sest-na-shpagat-v-domashnix-usloviyax-uprazhneniya/" "Mozilla/5.0 (Linux; Android 4.4.2; Hol-U19 Build/HUAWEIHol-U19) AppleWebKit/537.36 (KHTML, like Gecko) Chrome/47.0.2526.83 Mobile Safari/537.36"
66.249.81.205 - - [03/Feb/2016:00:00:55 +0300] "GET /wp-content/plugins/wp-pagenavi/pagenavi-css.css?ver=2.70 HTTP/1.0" 200 239 "http://test-blog.ru/trenirovki/kak-sest-na-shpagat-v-domashnix-usloviyax-uprazhneniya/" "Mozilla/5.0 (Linux; Android 4.4.2; Hol-U19 Build/HUAWEIHol-U19) AppleWebKit/537.36 (KHTML, like Gecko) Chrome/47.0.2526.83 Mobile Safari/537.36"
66.249.81.205 - - [03/Feb/2016:00:00:55 +0300] "GET /wp-content/themes/sark-press/stylesheet/font-awesome.min.css?ver=20121010 HTTP/1.0" 200 4015 "http://test-blog.ru/trenirovki/kak-sest-na-shpagat-v-domashnix-usloviyax-uprazhneniya/" "Mozilla/5.0 (Linux; Android 4.4.2; Hol-U19 Build/HUAWEIHol-U19) AppleWebKit/537.36 (KHTML, like Gecko) Chrome/47.0.2526.83 Mobile Safari/537.36"
66.249.81.208 - - [03/Feb/2016:00:00:55 +0300] "GET /wp-content/themes/sark-press/stylesheet/bootstrap.css?ver=20121010 HTTP/1.0" 403 1450 "http://test-blog.ru/trenirovki/kak-sest-na-shpagat-v-domashnix-usloviyax-uprazhneniya/" "Mozilla/5.0 (Linux; Android 4.4.2; Hol-U19 Build/HUAWEIHol-U19) AppleWebKit/537.36 (KHTML, like Gecko) Chrome/47.0.2526.83 Mobile Safari/537.36"
66.249.81.211 - - [03/Feb/2016:00:00:55 +0300] "GET /wp-content/plugins/extended-categories-widget/2.8/css/avh-ec.widget.css?ver=3.8.5 HTTP/1.0" 403 1450 "http://test-blog.ru/trenirovki/kak-sest-na-shpagat-v-domashnix-usloviyax-uprazhneniya/" "Mozilla/5.0 (Linux; Android 4.4.2; Hol-U19 Build/HUAWEIHol-U19) AppleWebKit/537.36 (KHTML, like Gecko) Chrome/47.0.2526.83 Mobile Safari/537.36"
66.249.81.208 - - [03/Feb/2016:00:00:55 +0300] "GET /wp-includes/js/jquery/jquery.js?ver=1.6.1 HTTP/1.0" 403 1450 "http://test-blog.ru/trenirovki/kak-sest-na-shpagat-v-domashnix-usloviyax-uprazhneniya/" "Mozilla/5.0 (Linux; Android 4.4.2; Hol-U19 Build/HUAWEIHol-U19) AppleWebKit/537.36 (KHTML, like Gecko) Chrome/47.0.2526.83 Mobile Safari/537.36"
66.249.81.211 - - [03/Feb/2016:00:00:55 +0300] "GET /wp-content/plugins/wp-postratings/postratings-css.css?ver=1.82 HTTP/1.0" 403 1450 "http://test-blog.ru/trenirovki/kak-sest-na-shpagat-v-domashnix-usloviyax-uprazhneniya/" "Mozilla/5.0 (Linux; Android 4.4.2; Hol-U19 Build/HUAWEIHol-U19) AppleWebKit/537.36 (KHTML, like Gecko) Chrome/47.0.2526.83 Mobile Safari/537.36"
66.249.81.211 - - [03/Feb/2016:00:00:55 +0300] "GET /wp-includes/js/l10n.js?ver=20101110 HTTP/1.0" 403 1450 "http://test-blog.ru/trenirovki/kak-sest-na-shpagat-v-domashnix-usloviyax-uprazhneniya/" "Mozilla/5.0 (Linux; Android 4.4.2; Hol-U19 Build/HUAWEIHol-U19) AppleWebKit/537.36 (KHTML, like Gecko) Chrome/47.0.2526.83 Mobile Safari/537.36"
66.249.81.208 - - [03/Feb/2016:00:00:55 +0300] "GET /wp-content/themes/sark-press/javascript/bootstrap.min.js HTTP/1.0" 403 1450 "http://test-blog.ru/trenirovki/kak-sest-na-shpagat-v-domashnix-usloviyax-uprazhneniya/" "Mozilla/5.0 (Linux; Android 4.4.2; Hol-U19 Build/HUAWEIHol-U19) AppleWebKit/537.36 (KHTML, like Gecko) Chrome/47.0.2526.83 Mobile Safari/537.36"
66.249.81.211 - - [03/Feb/2016:00:00:55 +0300] "GET /wp-content/themes/sark-press/javascript/sarkpress_script.js HTTP/1.0" 403 1450 "http://test-blog.ru/trenirovki/kak-sest-na-shpagat-v-domashnix-usloviyax-uprazhneniya/" "Mozilla/5.0 (Linux; Android 4.4.2; Hol-U19 Build/HUAWEIHol-U19) AppleWebKit/537.36 (KHTML, like Gecko) Chrome/47.0.2526.83 Mobile Safari/537.36"
66.249.81.205 - - [03/Feb/2016:00:00:55 +0300] "GET /wp-content/themes/sark-press/style.css?ver=20121010 HTTP/1.0" 200 5065 "http://test-blog.ru/trenirovki/kak-sest-na-shpagat-v-domashnix-usloviyax-uprazhneniya/" "Mozilla/5.0 (Linux; Android 4.4.2; Hol-U19 Build/HUAWEIHol-U19) AppleWebKit/537.36 (KHTML, like Gecko) Chrome/47.0.2526.83 Mobile Safari/537.36"
66.249.81.211 - - [03/Feb/2016:00:00:55 +0300] "GET /wp-includes/js/comment-reply.js?ver=20090102 HTTP/1.0" 403 1450 "http://test-blog.ru/trenirovki/kak-sest-na-shpagat-v-domashnix-usloviyax-uprazhneniya/" "Mozilla/5.0 (Linux; Android 4.4.2; Hol-U19 Build/HUAWEIHol-U19) AppleWebKit/537.36 (KHTML, like Gecko) Chrome/47.0.2526.83 Mobile Safari/537.36"
185.26.180.145 - - [03/Feb/2016:00:00:55 +0300] "GET /wp-content/plugins/wp-postratings/images/stars/rating_on.gif HTTP/1.0" 200 523 "http://test-blog.ru/trenirovki/kak-sest-na-shpagat-v-domashnix-usloviyax-uprazhneniya/" "Opera/9.80 (Android; Opera Mini/7.6.40077/37.7751; U; ru) Presto/2.12.423 Version/12.16"
185.26.180.145 - - [03/Feb/2016:00:00:55 +0300] "GET /wp-content/plugins/wp-postratings/images/loading.gif HTTP/1.0" 200 771 "http://test-blog.ru/trenirovki/kak-sest-na-shpagat-v-domashnix-usloviyax-uprazhneniya/" "Opera/9.80 (Android; Opera Mini/7.6.40077/37.7751; U; ru) Presto/2.12.423 Version/12.16"
93.84.16.70 - - [03/Feb/2016:00:00:56 +0300] "GET /wp-content/themes/sark-press/stylesheet/fonts.css?ver=20121010 HTTP/1.0" 200 279 "http://test-blog.ru/trenirovki/kak-sest-na-shpagat-v-domashnix-usloviyax-uprazhneniya/" "Mozilla/5.0 (Linux; Android 4.4.2; Hol-U19 Build/HUAWEIHol-U19) AppleWebKit/537.36 (KHTML, like Gecko) Chrome/47.0.2526.83 Mobile Safari/537.36"
93.84.16.70 - - [03/Feb/2016:00:00:56 +0300] "GET /wp-content/plugins/extended-categories-widget/2.8/css/avh-ec.widget.css?ver=3.8.5 HTTP/1.0" 200 119 "http://test-blog.ru/trenirovki/kak-sest-na-shpagat-v-domashnix-usloviyax-uprazhneniya/" "Mozilla/5.0 (Linux; Android 4.4.2; Hol-U19 Build/HUAWEIHol-U19) AppleWebKit/537.36 (KHTML, like Gecko) Chrome/47.0.2526.83 Mobile Safari/537.36"
93.84.16.70 - - [03/Feb/2016:00:00:56 +0300] "GET /wp-content/plugins/wp-postratings/postratings-css.css?ver=1.82 HTTP/1.0" 200 425 "http://test-blog.ru/trenirovki/kak-sest-na-shpagat-v-domashnix-usloviyax-uprazhneniya/" "Mozilla/5.0 (Linux; Android 4.4.2; Hol-U19 Build/HUAWEIHol-U19) AppleWebKit/537.36 (KHTML, like Gecko) Chrome/47.0.2526.83 Mobile Safari/537.36"
66.249.81.205 - - [03/Feb/2016:00:00:56 +0300] "GET /wp-content/plugins/wp-postratings/postratings-js.js?ver=1.82 HTTP/1.0" 200 752 "http://test-blog.ru/trenirovki/kak-sest-na-shpagat-v-domashnix-usloviyax-uprazhneniya/" "Mozilla/5.0 (Linux; Android 4.4.2; Hol-U19 Build/HUAWEIHol-U19) AppleWebKit/537.36 (KHTML, like Gecko) Chrome/47.0.2526.83 Mobile Safari/537.36"
66.249.81.211 - - [03/Feb/2016:00:00:56 +0300] "GET /wp-content/plugins/wp-postratings/images/stars/rating_on.gif HTTP/1.0" 403 1450 "http://test-blog.ru/trenirovki/kak-sest-na-shpagat-v-domashnix-usloviyax-uprazhneniya/" "Mozilla/5.0 (Linux; Android 4.4.2; Hol-U19 Build/HUAWEIHol-U19) AppleWebKit/537.36 (KHTML, like Gecko) Chrome/47.0.2526.83 Mobile Safari/537.36"
93.84.16.70 - - [03/Feb/2016:00:00:56 +0300] "GET /wp-includes/js/jquery/jquery.js?ver=1.6.1 HTTP/1.0" 200 31953 "http://test-blog.ru/trenirovki/kak-sest-na-shpagat-v-domashnix-usloviyax-uprazhneniya/" "Mozilla/5.0 (Linux; Android 4.4.2; Hol-U19 Build/HUAWEIHol-U19) AppleWebKit/537.36 (KHTML, like Gecko) Chrome/47.0.2526.83 Mobile Safari/537.36"
93.84.16.70 - - [03/Feb/2016:00:00:56 +0300] "GET /wp-content/themes/sark-press/stylesheet/bootstrap.css?ver=20121010 HTTP/1.0" 200 19519 "http://test-blog.ru/trenirovki/kak-sest-na-shpagat-v-domashnix-usloviyax-uprazhneniya/" "Mozilla/5.0 (Linux; Android 4.4.2; Hol-U19 Build/HUAWEIHol-U19) AppleWebKit/537.36 (KHTML, like Gecko) Chrome/47.0.2526.83 Mobile Safari/537.36"
93.84.16.70 - - [03/Feb/2016:00:00:56 +0300] "GET /wp-includes/js/l10n.js?ver=20101110 HTTP/1.0" 200 221 "http://test-blog.ru/trenirovki/kak-sest-na-shpagat-v-domashnix-usloviyax-uprazhneniya/" "Mozilla/5.0 (Linux; Android 4.4.2; Hol-U19 Build/HUAWEIHol-U19) AppleWebKit/537.36 (KHTML, like Gecko) Chrome/47.0.2526.83 Mobile Safari/537.36"
93.84.16.70 - - [03/Feb/2016:00:00:56 +0300] "GET /wp-includes/js/comment-reply.js?ver=20090102 HTTP/1.0" 200 412 "http://test-blog.ru/trenirovki/kak-sest-na-shpagat-v-domashnix-usloviyax-uprazhneniya/" "Mozilla/5.0 (Linux; Android 4.4.2; Hol-U19 Build/HUAWEIHol-U19) AppleWebKit/537.36 (KHTML, like Gecko) Chrome/47.0.2526.83 Mobile Safari/537.36"
93.84.16.70 - - [03/Feb/2016:00:00:56 +0300] "GET /wp-content/themes/sark-press/javascript/sarkpress_script.js HTTP/1.0" 200 137 "http://test-blog.ru/trenirovki/kak-sest-na-shpagat-v-domashnix-usloviyax-uprazhneniya/" "Mozilla/5.0 (Linux; Android 4.4.2; Hol-U19 Build/HUAWEIHol-U19) AppleWebKit/537.36 (KHTML, like Gecko) Chrome/47.0.2526.83 Mobile Safari/537.36"
93.84.16.70 - - [03/Feb/2016:00:00:56 +0300] "GET /wp-content/themes/sark-press/javascript/bootstrap.min.js HTTP/1.0" 200 7679 "http://test-blog.ru/trenirovki/kak-sest-na-shpagat-v-domashnix-usloviyax-uprazhneniya/" "Mozilla/5.0 (Linux; Android 4.4.2; Hol-U19 Build/HUAWEIHol-U19) AppleWebKit/537.36 (KHTML, like Gecko) Chrome/47.0.2526.83 Mobile Safari/537.36"
93.84.16.70 - - [03/Feb/2016:00:00:56 +0300] "GET /wp-content/plugins/wp-postratings/images/stars/rating_on.gif HTTP/1.0" 200 523 "http://test-blog.ru/trenirovki/kak-sest-na-shpagat-v-domashnix-usloviyax-uprazhneniya/" "Mozilla/5.0 (Linux; Android 4.4.2; Hol-U19 Build/HUAWEIHol-U19) AppleWebKit/537.36 (KHTML, like Gecko) Chrome/47.0.2526.83 Mobile Safari/537.36"
66.249.81.205 - - [03/Feb/2016:00:00:58 +0300] "GET /wp-content/themes/sark-press/fonts/font-awesome/fontawesome-webfont.woff?v=4.0.3 HTTP/1.0" 200 44432 "http://test-blog.ru/wp-content/themes/sark-press/stylesheet/font-awesome.min.css?ver=20121010" "Mozilla/5.0 (Linux; Android 4.4.2; Hol-U19 Build/HUAWEIHol-U19) AppleWebKit/537.36 (KHTML, like Gecko) Chrome/47.0.2526.83 Mobile Safari/537.36"
185.26.180.145 - - [03/Feb/2016:00:01:00 +0300] "GET /wp-content/plugins/wp-postratings/images/stars/rating_over.gif HTTP/1.0" 200 920 "http://test-blog.ru/trenirovki/kak-sest-na-shpagat-v-domashnix-usloviyax-uprazhneniya/" "Opera/9.80 (Android; Opera Mini/7.6.40077/37.7751; U; ru) Presto/2.12.423 Version/12.16"
185.26.180.145 - - [03/Feb/2016:00:01:00 +0300] "GET /wp-content/plugins/wp-postratings/postratings-js.js?ver=1.82 HTTP/1.0" 200 752 "http://test-blog.ru/trenirovki/kak-sest-na-shpagat-v-domashnix-usloviyax-uprazhneniya/" "Opera/9.80 (Android; Opera Mini/7.6.40077/37.7751; U; ru) Presto/2.12.423 Version/12.16"
66.249.81.211 - - [03/Feb/2016:00:01:07 +0300] "GET /wp-content/plugins/wp-postratings/images/stars/rating_over.gif HTTP/1.0" 403 1450 "http://test-blog.ru/trenirovki/kak-sest-na-shpagat-v-domashnix-usloviyax-uprazhneniya/" "Mozilla/5.0 (Linux; Android 4.4.2; Hol-U19 Build/HUAWEIHol-U19) AppleWebKit/537.36 (KHTML, like Gecko) Chrome/47.0.2526.83 Mobile Safari/537.36"
93.84.16.70 - - [03/Feb/2016:00:01:07 +0300] "GET /wp-content/plugins/wp-postratings/images/stars/rating_over.gif HTTP/1.0" 200 920 "http://test-blog.ru/trenirovki/kak-sest-na-shpagat-v-domashnix-usloviyax-uprazhneniya/" "Mozilla/5.0 (Linux; Android 4.4.2; Hol-U19 Build/HUAWEIHol-U19) AppleWebKit/537.36 (KHTML, like Gecko) Chrome/47.0.2526.83 Mobile Safari/537.36"
46.53.218.162 - - [03/Feb/2016:00:01:13 +0300] "GET /trenirovki/kak-sest-na-shpagat-v-domashnix-usloviyax-uprazhneniya/?cf_action=sync_comments&post_id=402 HTTP/1.0" 200 37 "http://test-blog.ru/trenirovki/kak-sest-na-shpagat-v-domashnix-usloviyax-uprazhneniya/" "Mozilla/5.0 (Windows Phone 10.0; Android 4.2.1; NOKIA; Lumia 930) AppleWebKit/537.36 (KHTML, like Gecko) Chrome/46.0.2486.0 Mobile Safari/537.36 Edge/13.10586"
46.53.218.162 - - [03/Feb/2016:00:01:23 +0300] "GET /rastyazhka/kak-vypolnyat-uprazhneniya-na-rastyazhku-effektivnee/ HTTP/1.0" 200 13605 "http://test-blog.ru/trenirovki/kak-sest-na-shpagat-v-domashnix-usloviyax-uprazhneniya/" "Mozilla/5.0 (Windows Phone 10.0; Android 4.2.1; NOKIA; Lumia 930) AppleWebKit/537.36 (KHTML, like Gecko) Chrome/46.0.2486.0 Mobile Safari/537.36 Edge/13.10586"
46.53.218.162 - - [03/Feb/2016:00:01:24 +0300] "GET /wp-content/plugins/q2w3-fixed-widget/js/q2w3-fixed-widget.min.js?ver=4.0.5 HTTP/1.0" 200 805 "http://test-blog.ru/rastyazhka/kak-vypolnyat-uprazhneniya-na-rastyazhku-effektivnee/" "Mozilla/5.0 (Windows Phone 10.0; Android 4.2.1; NOKIA; Lumia 930) AppleWebKit/537.36 (KHTML, like Gecko) Chrome/46.0.2486.0 Mobile Safari/537.36 Edge/13.10586"
77.221.130.34 - - [03/Feb/2016:00:01:26 +0300] "POST /wp-cron.php?doing_wp_cron HTTP/1.0" 403 4271 "-" "oops; http://test-blog.ru"
66.249.81.205 - - [03/Feb/2016:00:01:26 +0300] "GET /trenirovki/kak-sest-na-shpagat-v-domashnix-usloviyax-uprazhneniya/?cf_action=sync_comments&post_id=402 HTTP/1.0" 200 37 "http://test-blog.ru/trenirovki/kak-sest-na-shpagat-v-domashnix-usloviyax-uprazhneniya/" "Mozilla/5.0 (Linux; Android 4.4.2; Hol-U19 Build/HUAWEIHol-U19) AppleWebKit/537.36 (KHTML, like Gecko) Chrome/47.0.2526.83 Mobile Safari/537.36"
46.53.218.162 - - [03/Feb/2016:00:01:26 +0300] "GET /rastyazhka/kak-vypolnyat-uprazhneniya-na-rastyazhku-effektivnee/ HTTP/1.0" 200 13605 "-" "Mozilla/5.0 (Windows Phone 10.0; Android 4.2.1; NOKIA; Lumia 930) AppleWebKit/537.36 (KHTML, like Gecko) Chrome/46.0.2486.0 Mobile Safari/537.36 Edge/13.10586"
194.6.231.248 - - [03/Feb/2016:00:01:26 +0300] "GET /rastyazhka/pochemu-vazhno-byt-gibkim-6-faktorov/ HTTP/1.0" 200 12346 "http://test-blog.ru/trenirovki/kak-sest-na-shpagat-v-domashnix-usloviyax-uprazhneniya/" "Mozilla/5.0 (Linux; U; Android 4.2.1; ru-ru; Lenovo A670t Build/JOP40D) AppleWebKit/534.30 (KHTML, like Gecko) Version/4.0 Mobile Safari/534.30 ACHEETAHI/2100501074"
194.6.231.248 - - [03/Feb/2016:00:01:26 +0300] "GET /wp-content/plugins/wp-postratings/postratings-css.css?ver=1.82 HTTP/1.0" 200 425 "http://test-blog.ru/rastyazhka/pochemu-vazhno-byt-gibkim-6-faktorov/" "Mozilla/5.0 (Linux; U; Android 4.2.1; ru-ru; Lenovo A670t Build/JOP40D) AppleWebKit/534.30 (KHTML, like Gecko) Version/4.0 Mobile Safari/534.30 ACHEETAHI/2100501074"
194.6.231.248 - - [03/Feb/2016:00:01:26 +0300] "GET /wp-content/themes/sark-press/stylesheet/fonts.css?ver=20121010 HTTP/1.0" 200 279 "http://test-blog.ru/rastyazhka/pochemu-vazhno-byt-gibkim-6-faktorov/" "Mozilla/5.0 (Linux; U; Android 4.2.1; ru-ru; Lenovo A670t Build/JOP40D) AppleWebKit/534.30 (KHTML, like Gecko) Version/4.0 Mobile Safari/534.30 ACHEETAHI/2100501074"
194.6.231.248 - - [03/Feb/2016:00:01:26 +0300] "GET /wp-content/themes/sark-press/stylesheet/bootstrap.css?ver=20121010 HTTP/1.0" 200 19519 "http://test-blog.ru/rastyazhka/pochemu-vazhno-byt-gibkim-6-faktorov/" "Mozilla/5.0 (Linux; U; Android 4.2.1; ru-ru; Lenovo A670t Build/JOP40D) AppleWebKit/534.30 (KHTML, like Gecko) Version/4.0 Mobile Safari/534.30 ACHEETAHI/2100501074"
194.6.231.248 - - [03/Feb/2016:00:01:26 +0300] "GET /wp-content/themes/sark-press/stylesheet/bootstrap-theme.min.css?ver=20121010 HTTP/1.0" 200 1747 "http://test-blog.ru/rastyazhka/pochemu-vazhno-byt-gibkim-6-faktorov/" "Mozilla/5.0 (Linux; U; Android 4.2.1; ru-ru; Lenovo A670t Build/JOP40D) AppleWebKit/534.30 (KHTML, like Gecko) Version/4.0 Mobile Safari/534.30 ACHEETAHI/2100501074"
194.6.231.248 - - [03/Feb/2016:00:01:26 +0300] "GET /wp-content/themes/sark-press/stylesheet/font-awesome.min.css?ver=20121010 HTTP/1.0" 200 4015 "http://test-blog.ru/rastyazhka/pochemu-vazhno-byt-gibkim-6-faktorov/" "Mozilla/5.0 (Linux; U; Android 4.2.1; ru-ru; Lenovo A670t Build/JOP40D) AppleWebKit/534.30 (KHTML, like Gecko) Version/4.0 Mobile Safari/534.30 ACHEETAHI/2100501074"
194.6.231.248 - - [03/Feb/2016:00:01:26 +0300] "GET /wp-content/themes/sark-press/style.css?ver=20121010 HTTP/1.0" 200 5065 "http://test-blog.ru/rastyazhka/pochemu-vazhno-byt-gibkim-6-faktorov/" "Mozilla/5.0 (Linux; U; Android 4.2.1; ru-ru; Lenovo A670t Build/JOP40D) AppleWebKit/534.30 (KHTML, like Gecko) Version/4.0 Mobile Safari/534.30 ACHEETAHI/2100501074"
194.6.231.248 - - [03/Feb/2016:00:01:27 +0300] "GET /wp-content/plugins/wp-pagenavi/pagenavi-css.css?ver=2.70 HTTP/1.0" 200 239 "http://test-blog.ru/rastyazhka/pochemu-vazhno-byt-gibkim-6-faktorov/" "Mozilla/5.0 (Linux; U; Android 4.2.1; ru-ru; Lenovo A670t Build/JOP40D) AppleWebKit/534.30 (KHTML, like Gecko) Version/4.0 Mobile Safari/534.30 ACHEETAHI/2100501074"
194.6.231.248 - - [03/Feb/2016:00:01:27 +0300] "GET /wp-content/plugins/extended-categories-widget/2.8/css/avh-ec.widget.css?ver=3.8.5 HTTP/1.0" 200 119 "http://test-blog.ru/rastyazhka/pochemu-vazhno-byt-gibkim-6-faktorov/" "Mozilla/5.0 (Linux; U; Android 4.2.1; ru-ru; Lenovo A670t Build/JOP40D) AppleWebKit/534.30 (KHTML, like Gecko) Version/4.0 Mobile Safari/534.30 ACHEETAHI/2100501074"
194.6.231.248 - - [03/Feb/2016:00:01:27 +0300] "GET /wp-includes/js/l10n.js?ver=20101110 HTTP/1.0" 200 221 "http://test-blog.ru/rastyazhka/pochemu-vazhno-byt-gibkim-6-faktorov/" "Mozilla/5.0 (Linux; U; Android 4.2.1; ru-ru; Lenovo A670t Build/JOP40D) AppleWebKit/534.30 (KHTML, like Gecko) Version/4.0 Mobile Safari/534.30 ACHEETAHI/2100501074"
194.6.231.248 - - [03/Feb/2016:00:01:27 +0300] "GET /wp-includes/js/jquery/jquery.js?ver=1.6.1 HTTP/1.0" 200 31953 "http://test-blog.ru/rastyazhka/pochemu-vazhno-byt-gibkim-6-faktorov/" "Mozilla/5.0 (Linux; U; Android 4.2.1; ru-ru; Lenovo A670t Build/JOP40D) AppleWebKit/534.30 (KHTML, like Gecko) Version/4.0 Mobile Safari/534.30 ACHEETAHI/2100501074"
194.6.231.248 - - [03/Feb/2016:00:01:27 +0300] "GET /wp-content/plugins/q2w3-fixed-widget/js/q2w3-fixed-widget.min.js?ver=4.0.5 HTTP/1.0" 200 805 "http://test-blog.ru/rastyazhka/pochemu-vazhno-byt-gibkim-6-faktorov/" "Mozilla/5.0 (Linux; U; Android 4.2.1; ru-ru; Lenovo A670t Build/JOP40D) AppleWebKit/534.30 (KHTML, like Gecko) Version/4.0 Mobile Safari/534.30 ACHEETAHI/2100501074"
194.6.231.248 - - [03/Feb/2016:00:01:27 +0300] "GET /wp-includes/js/comment-reply.js?ver=20090102 HTTP/1.0" 200 412 "http://test-blog.ru/rastyazhka/pochemu-vazhno-byt-gibkim-6-faktorov/" "Mozilla/5.0 (Linux; U; Android 4.2.1; ru-ru; Lenovo A670t Build/JOP40D) AppleWebKit/534.30 (KHTML, like Gecko) Version/4.0 Mobile Safari/534.30 ACHEETAHI/2100501074"
194.6.231.248 - - [03/Feb/2016:00:01:27 +0300] "GET /wp-content/themes/sark-press/javascript/bootstrap.min.js HTTP/1.0" 200 7679 "http://test-blog.ru/rastyazhka/pochemu-vazhno-byt-gibkim-6-faktorov/" "Mozilla/5.0 (Linux; U; Android 4.2.1; ru-ru; Lenovo A670t Build/JOP40D) AppleWebKit/534.30 (KHTML, like Gecko) Version/4.0 Mobile Safari/534.30 ACHEETAHI/2100501074"
194.6.231.248 - - [03/Feb/2016:00:01:27 +0300] "GET /wp-content/themes/sark-press/javascript/sarkpress_script.js HTTP/1.0" 200 137 "http://test-blog.ru/rastyazhka/pochemu-vazhno-byt-gibkim-6-faktorov/" "Mozilla/5.0 (Linux; U; Android 4.2.1; ru-ru; Lenovo A670t Build/JOP40D) AppleWebKit/534.30 (KHTML, like Gecko) Version/4.0 Mobile Safari/534.30 ACHEETAHI/2100501074"
194.6.231.248 - - [03/Feb/2016:00:01:27 +0300] "GET /wp-content/plugins/wp-postratings/postratings-js.js?ver=1.82 HTTP/1.0" 200 752 "http://test-blog.ru/rastyazhka/pochemu-vazhno-byt-gibkim-6-faktorov/" "Mozilla/5.0 (Linux; U; Android 4.2.1; ru-ru; Lenovo A670t Build/JOP40D) AppleWebKit/534.30 (KHTML, like Gecko) Version/4.0 Mobile Safari/534.30 ACHEETAHI/2100501074"
194.6.231.248 - - [03/Feb/2016:00:01:28 +0300] "GET /wp-content/themes/sark-press/fonts/font-awesome/fontawesome-webfont.woff?v=4.0.3 HTTP/1.0" 200 44432 "http://test-blog.ru/rastyazhka/pochemu-vazhno-byt-gibkim-6-faktorov/" "Mozilla/5.0 (Linux; U; Android 4.2.1; ru-ru; Lenovo A670t Build/JOP40D) AppleWebKit/534.30 (KHTML, like Gecko) Version/4.0 Mobile Safari/534.30 ACHEETAHI/2100501074"
194.6.231.248 - - [03/Feb/2016:00:01:28 +0300] "GET /wp-content/plugins/wp-postratings/images/stars/rating_off.gif HTTP/1.0" 200 326 "http://test-blog.ru/rastyazhka/pochemu-vazhno-byt-gibkim-6-faktorov/" "Mozilla/5.0 (Linux; U; Android 4.2.1; ru-ru; Lenovo A670t Build/JOP40D) AppleWebKit/534.30 (KHTML, like Gecko) Version/4.0 Mobile Safari/534.30 ACHEETAHI/2100501074"
194.6.231.248 - - [03/Feb/2016:00:01:28 +0300] "GET /wp-content/plugins/wp-postratings/images/loading.gif HTTP/1.0" 200 771 "http://test-blog.ru/rastyazhka/pochemu-vazhno-byt-gibkim-6-faktorov/" "Mozilla/5.0 (Linux; U; Android 4.2.1; ru-ru; Lenovo A670t Build/JOP40D) AppleWebKit/534.30 (KHTML, like Gecko) Version/4.0 Mobile Safari/534.30 ACHEETAHI/2100501074"
66.249.81.208 - - [03/Feb/2016:00:01:28 +0300] "GET /trenirovki/kak-sest-na-shpagat-v-domashnix-usloviyax-uprazhneniya/ HTTP/1.0" 403 1450 "http://test-blog.ru/trenirovki/kak-sest-na-shpagat-v-domashnix-usloviyax-uprazhneniya/" "Mozilla/5.0 (Linux; Android 4.4.2; Hol-U19 Build/HUAWEIHol-U19) AppleWebKit/537.36 (KHTML, like Gecko) Chrome/47.0.2526.83 Mobile Safari/537.36"
93.84.16.70 - - [03/Feb/2016:00:01:28 +0300] "GET /trenirovki/kak-sest-na-shpagat-v-domashnix-usloviyax-uprazhneniya/ HTTP/1.0" 200 21390 "http://test-blog.ru/trenirovki/kak-sest-na-shpagat-v-domashnix-usloviyax-uprazhneniya/" "Mozilla/5.0 (Linux; Android 4.4.2; Hol-U19 Build/HUAWEIHol-U19) AppleWebKit/537.36 (KHTML, like Gecko) Chrome/47.0.2526.83 Mobile Safari/537.36"
66.249.81.208 - - [03/Feb/2016:00:01:28 +0300] "GET /trenirovki/kak-sest-na-shpagat-v-domashnix-usloviyax-uprazhneniya/ HTTP/1.0" 403 1450 "http://test-blog.ru/trenirovki/kak-sest-na-shpagat-v-domashnix-usloviyax-uprazhneniya/" "Mozilla/5.0 (Linux; Android 4.4.2; Hol-U19 Build/HUAWEIHol-U19) AppleWebKit/537.36 (KHTML, like Gecko) Chrome/47.0.2526.83 Mobile Safari/537.36"
93.84.16.70 - - [03/Feb/2016:00:01:28 +0300] "GET /trenirovki/kak-sest-na-shpagat-v-domashnix-usloviyax-uprazhneniya/ HTTP/1.0" 200 21390 "http://test-blog.ru/trenirovki/kak-sest-na-shpagat-v-domashnix-usloviyax-uprazhneniya/" "Mozilla/5.0 (Linux; Android 4.4.2; Hol-U19 Build/HUAWEIHol-U19) AppleWebKit/537.36 (KHTML, like Gecko) Chrome/47.0.2526.83 Mobile Safari/537.36"
194.6.231.248 - - [03/Feb/2016:00:01:30 +0300] "GET /wp-content/plugins/wp-postratings/images/stars/rating_over.gif HTTP/1.0" 200 920 "http://test-blog.ru/rastyazhka/pochemu-vazhno-byt-gibkim-6-faktorov/" "Mozilla/5.0 (Linux; U; Android 4.2.1; ru-ru; Lenovo A670t Build/JOP40D) AppleWebKit/534.30 (KHTML, like Gecko) Version/4.0 Mobile Safari/534.30 ACHEETAHI/2100501074"
82.145.223.50 - - [03/Feb/2016:00:01:31 +0300] "GET /favicon.ico HTTP/1.0" 200 1406 "-" "Opera/9.80 (J2ME/MIDP; Opera Mini/8.0.35626/37.7751; U; ru) Presto/2.12.423 Version/12.16"
194.6.231.248 - - [03/Feb/2016:00:01:49 +0300] "GET /rastyazhka/pochemu-vazhno-byt-gibkim-6-faktorov/ HTTP/1.0" 200 12346 "http://test-blog.ru/rastyazhka/pochemu-vazhno-byt-gibkim-6-faktorov/" "Mozilla/5.0 (Linux; U; Android 4.2.1; ru-ru; Lenovo A670t Build/JOP40D) AppleWebKit/534.30 (KHTML, like Gecko) Version/4.0 Mobile Safari/534.30 ACHEETAHI/2100501074"
46.53.218.162 - - [03/Feb/2016:00:01:52 +0300] "GET /rastyazhka/kak-vypolnyat-uprazhneniya-na-rastyazhku-effektivnee/?cf_action=sync_comments&post_id=385 HTTP/1.0" 200 37 "http://test-blog.ru/rastyazhka/kak-vypolnyat-uprazhneniya-na-rastyazhku-effektivnee/" "Mozilla/5.0 (Windows Phone 10.0; Android 4.2.1; NOKIA; Lumia 930) AppleWebKit/537.36 (KHTML, like Gecko) Chrome/46.0.2486.0 Mobile Safari/537.36 Edge/13.10586"
83.219.231.151 - - [03/Feb/2016:00:01:56 +0300] "GET /trenirovki/kak-sest-na-shpagat-v-domashnix-usloviyax-uprazhneniya/ HTTP/1.0" 200 21390 "http://www.google.ru/url?sa=t&source=web&cd=1&rct=j&q=%D0%BA%D0%B0%D0%BA%20%D1%81%D0%B5%D1%81%D1%82%D1%8C%20%D0%BD%D0%B0%20%D1%88%D0%BF%D0%B0%D0%B3%D0%B0%D1%82&ved=0ahUKEwivvJLp-tnKAhWLmHIKHR7NC1kQFggbMAA&url=http%3A%2F%2Ftest-blog.ru%2Ftrenirovki%2Fkak-sest-na-shpagat-v-domashnix-usloviyax-uprazhneniya%2F&usg=AFQjCNE3QpzWC-ObORlkDC6nUK10QHYcjg&cad=rjt" "Mozilla/5.0 (Linux; U; Android 4.0.3; ru-ru; LG-P705 Build/IML74K) AppleWebKit/534.30 (KHTML, like Gecko) Version/4.0 Mobile Safari/534.30"
194.6.231.248 - - [03/Feb/2016:00:01:58 +0300] "GET /rastyazhka/pochemu-vazhno-byt-gibkim-6-faktorov/?cf_action=sync_comments&post_id=243 HTTP/1.0" 200 37 "http://test-blog.ru/rastyazhka/pochemu-vazhno-byt-gibkim-6-faktorov/" "Mozilla/5.0 (Linux; U; Android 4.2.1; ru-ru; Lenovo A670t Build/JOP40D) AppleWebKit/534.30 (KHTML, like Gecko) Version/4.0 Mobile Safari/534.30 ACHEETAHI/2100501074"
83.219.231.151 - - [03/Feb/2016:00:02:00 +0300] "GET /trenirovki/kak-sest-na-shpagat-v-domashnix-usloviyax-uprazhneniya/ HTTP/1.0" 200 21390 "http://test-blog.ru/trenirovki/kak-sest-na-shpagat-v-domashnix-usloviyax-uprazhneniya/" "Mozilla/5.0 (Linux; U; Android 4.0.3; ru-ru; LG-P705 Build/IML74K) AppleWebKit/534.30 (KHTML, like Gecko) Version/4.0 Mobile Safari/534.30"